
mikal@DESKTOP-FRVUMA7 MINGW64 ~ (master)
$ cd c:/Users/mikal/MuskCult/MuskCult

mikal@DESKTOP-FRVUMA7 MINGW64 ~/MuskCult/MuskCult (master)
$ git status
On branch master
Your branch is ahead of 'origin/master' by 1 commit.
  (use "git push" to publish your local commits)

Untracked files:
  (use "git add <file>..." to include in what will be committed)
        FETCH_HEAD

nothing added to commit but untracked files present (use "git add" to track)

mikal@DESKTOP-FRVUMA7 MINGW64 ~/MuskCult/MuskCult (master)
$ git add .

mikal@DESKTOP-FRVUMA7 MINGW64 ~/MuskCult/MuskCult (master)
$ git init
Reinitialized existing Git repository in C:/Users/mikal/MuskCult/MuskCult/.git/

mikal@DESKTOP-FRVUMA7 MINGW64 ~/MuskCult/MuskCult (master)
$ git status
On branch master
Your branch is ahead of 'origin/master' by 1 commit.
  (use "git push" to publish your local commits)

Changes to be committed:
  (use "git restore --staged <file>..." to unstage)
        new file:   FETCH_HEAD


mikal@DESKTOP-FRVUMA7 MINGW64 ~/MuskCult/MuskCult (master)
$ git push -u origin master
Logon failed, use ctrl+c to cancel basic credential prompt.
cuj6453Mik!remote: Invalid username or password.
fatal: Authentication failed for 'https://github.com/Gothamv/MuskCult/'

mikal@DESKTOP-FRVUMA7 MINGW64 ~/MuskCult/MuskCult (master)
$ git clone git@github.com:cuj057/MuskCult.git
fatal: could not create work tree dir 'MuskCult': No such file or directory

mikal@DESKTOP-FRVUMA7 MINGW64 ~/MuskCult/MuskCult
$ cd c:/Users/mikal/MuskCult

mikal@DESKTOP-FRVUMA7 MINGW64 ~/MuskCult (master)
$ git clone git@github.com:cuj057/MuskCult.git
Cloning into 'MuskCult'...
Enter passphrase for key '/c/Users/mikal/.ssh/id_rsa':
remote: Enumerating objects: 16, done.
remote: Counting objects: 100% (16/16), done.
remote: Compressing objects: 100% (15/15), done.
remote: Total 35 (delta 4), reused 1 (delta 1), pack-reused 19
Receiving objects: 100% (35/35), 681.92 KiB | 298.00 KiB/s, done.
Resolving deltas: 100% (10/10), done.

mikal@DESKTOP-FRVUMA7 MINGW64 ~/MuskCult (master)
$ echo "cuj057 file" >> README.md

mikal@DESKTOP-FRVUMA7 MINGW64 ~/MuskCult (master)
$ git init
Reinitialized existing Git repository in C:/Users/mikal/MuskCult/.git/

mikal@DESKTOP-FRVUMA7 MINGW64 ~/MuskCult (master)
$ git add README.md
warning: LF will be replaced by CRLF in README.md.
The file will have its original line endings in your working directory

mikal@DESKTOP-FRVUMA7 MINGW64 ~/MuskCult (master)
$ git commit -m "cuj057 Commit"
[master (root-commit) 00af49f] cuj057 Commit
 2 files changed, 2 insertions(+)
 create mode 160000 MuskCult
 create mode 100644 README.md

mikal@DESKTOP-FRVUMA7 MINGW64 ~/MuskCult (master)
$ git branch -M master

mikal@DESKTOP-FRVUMA7 MINGW64 ~/MuskCult (master)
$ git remote add origin git@github.com:cuj057/MuskCult.git

mikal@DESKTOP-FRVUMA7 MINGW64 ~/MuskCult (master)
$ git push -u origin master
Enter passphrase for key '/c/Users/mikal/.ssh/id_rsa':
To github.com:cuj057/MuskCult.git
 ! [rejected]        master -> master (fetch first)
error: failed to push some refs to 'github.com:cuj057/MuskCult.git'
hint: Updates were rejected because the remote contains work that you do
hint: not have locally. This is usually caused by another repository pushing
hint: to the same ref. You may want to first integrate the remote changes
hint: (e.g., 'git pull ...') before pushing again.
hint: See the 'Note about fast-forwards' in 'git push --help' for details.

mikal@DESKTOP-FRVUMA7 MINGW64 ~/MuskCult (master)
$ git fetch
Enter passphrase for key '/c/Users/mikal/.ssh/id_rsa':
warning: no common commits
remote: Enumerating objects: 16, done.
remote: Counting objects: 100% (16/16), done.
remote: Compressing objects: 100% (15/15), done.
remote: Total 35 (delta 4), reused 1 (delta 1), pack-reused 19
Unpacking objects: 100% (35/35), 681.90 KiB | 668.00 KiB/s, done.
From github.com:cuj057/MuskCult
 * [new branch]      master     -> origin/master

mikal@DESKTOP-FRVUMA7 MINGW64 ~/MuskCult (master)
$ git commit -m "cuj057 changes"
On branch master
Changes not staged for commit:
  (use "git add <file>..." to update what will be committed)
  (use "git restore <file>..." to discard changes in working directory)
        modified:   MuskCult (new commits)

no changes added to commit (use "git add" and/or "git commit -a")

mikal@DESKTOP-FRVUMA7 MINGW64 ~/MuskCult (master)
$ git status
On branch master
Changes not staged for commit:
  (use "git add <file>..." to update what will be committed)
  (use "git restore <file>..." to discard changes in working directory)
        modified:   MuskCult (new commits)

no changes added to commit (use "git add" and/or "git commit -a")

mikal@DESKTOP-FRVUMA7 MINGW64 ~/MuskCult (master)
$ git commit -a
[master b7333cf] Making some changes
 1 file changed, 1 insertion(+), 1 deletion(-)

mikal@DESKTOP-FRVUMA7 MINGW64 ~/MuskCult (master)
$ git status
On branch master
nothing to commit, working tree clean

mikal@DESKTOP-FRVUMA7 MINGW64 ~/MuskCult (master)
$
